%!Adobe-FontList 1.13
%Locale:0x409

%BeginFont
Handler:DirectoryHandler
FontType:Type1
FontName:DIN-Bold
FamilyName:DIN
StyleName:Bold
MenuName:DIN
StyleBits:2
WeightClass:700
WidthClass:5
AngleClass:0
FullName:DIN-Bold
WritingScript:Roman
OutlineFileName:\DIN-Bold.otf
DataFormat:sfntData
UsesStandardEncoding:yes
isCFF:yes
FileLength:28640
FileModTime:1166853790
%EndFont

%BeginFont
Handler:DirectoryHandler
FontType:Type1
FontName:DIN-Medium
FamilyName:DIN
StyleName:Medium
MenuName:DIN
StyleBits:0
WeightClass:500
WidthClass:5
AngleClass:0
FullName:DIN-Medium
WritingScript:Roman
OutlineFileName:\DIN-Medium.otf
DataFormat:sfntData
UsesStandardEncoding:yes
isCFF:yes
FileLength:27828
FileModTime:1166853790
%EndFont

%BeginFont
Handler:DirectoryHandler
FontType:Type1
FontName:DIN-Regular
FamilyName:DIN
StyleName:Regular
MenuName:DIN
StyleBits:0
WeightClass:500
WidthClass:5
AngleClass:0
FullName:DIN-Regular
WritingScript:Roman
OutlineFileName:\DIN-Regular.otf
DataFormat:sfntData
UsesStandardEncoding:yes
isCFF:yes
FileLength:27476
FileModTime:1166853790
%EndFont

